../Core/Src/main.c:63:6:sendMouseReport	8	static
../Core/Src/main.c:67:6:updateMouseReport	16	static
../Core/Src/main.c:74:9:convertGyroToMouse	16	static
../Core/Src/main.c:79:5:_write	24	static
../Core/Src/main.c:103:5:main	56	static
../Core/Src/main.c:160:6:SystemClock_Config	88	static
../Core/Src/main.c:206:13:MX_SPI5_Init	8	static
../Core/Src/main.c:244:13:MX_USART1_UART_Init	8	static
../Core/Src/main.c:277:13:MX_GPIO_Init	48	static
../Core/Src/main.c:307:6:Error_Handler	4	static,ignoring_inline_asm
